// Jest Snapshot v1, https://goo.gl/fbAQLP

exports[`NamedSwitch should render only first matching route 1`] = `
<NamedRouter
  routerComponent={[Function]}
  routerProps={
    Object {
      "location": "/foo/bar",
    }
  }
  routes={
    Array [
      Object {
        "name": "foo",
        "path": "/foo",
      },
      Object {
        "name": "bar",
        "path": "/foo/bar",
      },
    ]
  }
>
  <StaticRouter
    location="/foo/bar"
  >
    <Router
      history={
        Object {
          "action": "POP",
          "block": [Function],
          "createHref": [Function],
          "go": [Function],
          "goBack": [Function],
          "goForward": [Function],
          "listen": [Function],
          "location": Object {
            "hash": "",
            "pathname": "/foo/bar",
            "search": "",
            "state": undefined,
          },
          "push": [Function],
          "replace": [Function],
        }
      }
      staticContext={Object {}}
    >
      <Route>
        <NamedSwitch>
          <NamedRoute
            computedMatch={
              Object {
                "isExact": true,
                "params": Object {},
                "path": "/foo/bar",
                "url": "/foo/bar",
              }
            }
            location={
              Object {
                "hash": "",
                "pathname": "/foo/bar",
                "search": "",
                "state": undefined,
              }
            }
            name="bar"
          >
            <Route
              computedMatch={
                Object {
                  "isExact": true,
                  "params": Object {},
                  "path": "/foo/bar",
                  "url": "/foo/bar",
                }
              }
              location={
                Object {
                  "hash": "",
                  "pathname": "/foo/bar",
                  "search": "",
                  "state": undefined,
                }
              }
              path="/foo/bar"
              route={
                Object {
                  "name": "bar",
                  "parents": Array [],
                  "path": "/foo/bar",
                  "regex": /\\^\\\\/foo\\\\/bar\\\\/\\?\\$/,
                }
              }
            />
          </NamedRoute>
        </NamedSwitch>
      </Route>
    </Router>
  </StaticRouter>
</NamedRouter>
`;
